// Jest Snapshot v1, https://goo.gl/fbAQLP

exports[`Typechain x Hardhat when recompiling generates typings only for changed files 1`] = `
"/* Autogenerated file. Do not edit manually. */
/* tslint:disable */
/* eslint-disable */
import type * as lib from \\"./lib\\";
export type { lib };
export type { EdgeCases } from \\"./EdgeCases\\";
export type { TestContract } from \\"./TestContract\\";
export type { TestContract1 } from \\"./TestContract1\\";
export type { TestContract2 } from \\"./TestContract2\\";
export * as factories from \\"./factories\\";
export { EdgeCases__factory } from \\"./factories/EdgeCases__factory\\";
export type { SafeMath } from \\"./lib/SafeMath\\";
export { SafeMath__factory } from \\"./factories/lib/SafeMath__factory\\";
export { TestContract__factory } from \\"./factories/TestContract__factory\\";
export { TestContract1__factory } from \\"./factories/TestContract1__factory\\";
export { TestContract2__factory } from \\"./factories/TestContract2__factory\\";
"
`;
